com\access\dto\materia\MateriaPaginationDTO.class
com\access\dto\PaginationResult.class
com\access\model\Papeleta.class
com\access\controller\PapeletaController.class
com\access\config\KafkaProducerConfig.class
com\access\model\DetallePapeleta.class
com\access\service\MateriaService.class
com\access\listener\MateriaListener.class
com\access\listener\ProductoListener.class
com\access\model\Producto.class
com\access\service\ProductoService.class
com\access\listener\PapeletaListener.class
com\access\ProyectoAccess1Application.class
com\access\service\PapeletaService.class
com\access\listener\ColoresListener.class
com\access\model\Materia.class
com\access\controller\MateriaController.class
com\access\dto\papeleta\DetallePapeletaDTO.class
com\access\dto\papeleta\PapeletaPaginationDTO.class
com\access\service\DetallePapeletaService.class
com\access\config\DataBaseWarmUp.class
com\access\dto\colores\ColoresPaginationDTO.class
com\access\model\Colores.class
com\access\service\ColoresService.class
com\access\config\JdbcConfig.class
com\access\dto\producto\ProductoPaginationDTO.class
