com\access\listener\InventarioListener.class
com\access\service\InventarioService.class
com\access\dto\ImagenDTO.class
com\access\model\InventarioSalidaDetalle.class
com\access\dto\inventario\SalidaPaginationDTO.class
com\access\model\DetallePapeleta.class
com\access\model\InventarioEntrada.class
com\access\model\InventarioSalida.class
com\access\dto\producto\ProductoxColorPaginationDTO.class
com\access\model\ImagenMateria.class
com\access\model\Producto.class
com\access\service\ProductoService.class
com\access\config\KafkaConsumerConfig.class
com\access\service\ProveedorService.class
com\access\dto\inventario\InventarioItemDTO.class
com\access\listener\ColoresListener.class
com\access\controller\MateriaController.class
com\access\listener\Prod_X_ColorListener.class
com\access\dto\papeleta\DetallePapeletaDTO.class
com\access\dto\materia\CreateMateriaDTO.class
com\access\config\DataBaseWarmUp.class
com\access\service\ColoresService.class
com\access\config\JdbcConfig.class
com\access\dto\inventario\InventarioEntradaDTO.class
com\access\dto\materia\MateriaPaginationDTO.class
com\access\dto\PaginationResult.class
com\access\dto\inventario\InventarioSalidaDTO.class
com\access\model\Papeleta.class
com\access\controller\PapeletaController.class
com\access\model\InventarioEntradaDetalle.class
com\access\config\KafkaProducerConfig.class
com\access\service\MateriaService.class
com\access\listener\MateriaListener.class
com\access\listener\ProductoListener.class
com\access\listener\BaseKafkaListener.class
com\access\listener\PapeletaListener.class
com\access\model\Producto_X_Color.class
com\access\model\Proveedor.class
com\access\dto\colores\CreateColorDTO.class
com\access\dto\inventario\EntradasPaginationDTO.class
com\access\dto\materia\UpdateMateriaDTO.class
com\access\ProyectoAccess1Application.class
com\access\service\PapeletaService.class
com\access\model\Imagen.class
com\access\model\Materia.class
com\access\dto\papeleta\PapeletaPaginationDTO.class
com\access\config\CloudinaryConfig.class
com\access\service\DetallePapeletaService.class
com\access\service\Prod_x_ColorService.class
com\access\service\cloudinary\CloudinaryService.class
com\access\dto\colores\ColoresPaginationDTO.class
com\access\model\Colores.class
com\access\dto\producto\ProductoPaginationDTO.class
