com\access\listener\InventarioListener.class
com\access\service\InventarioService.class
com\access\dto\produccion\FinalizarTiempoDTO.class
com\access\model\Proceso.class
com\access\model\Detalle_Movimiento.class
com\access\dto\ImagenDTO.class
com\access\model\Detencion.class
com\access\dto\inventario\SalidaPaginationDTO.class
com\access\model\DetallePapeleta.class
com\access\dto\producto\ProductoxColorPaginationDTO.class
com\access\model\ImagenMateria.class
com\access\model\Producto.class
com\access\service\ProductoService.class
com\access\model\DetalleMovimientoMateria.class
com\access\model\Movimientos.class
com\access\config\KafkaConsumerConfig.class
com\access\service\ProveedorService.class
com\access\model\MovimientoMateria.class
com\access\listener\ColoresListener.class
com\access\controller\MateriaController.class
com\access\dto\produccion\IniciarTiempoDTO.class
com\access\listener\Prod_X_ColorListener.class
com\access\service\ProduccionService.class
com\access\dto\papeleta\DetallePapeletaDTO.class
com\access\dto\materia\CreateMateriaDTO.class
com\access\config\DataBaseWarmUp.class
com\access\service\ColoresService.class
com\access\model\MovimientoInventario.class
com\access\model\Tiempo.class
com\access\config\JdbcConfig.class
com\access\dto\produccion\DetencionDTO.class
com\access\dto\materia\MateriaPaginationDTO.class
com\access\dto\PaginationResult.class
com\access\dto\produccion\DesactivarDetencionDTO.class
com\access\dto\produccion\TiempoDTO.class
com\access\model\Papeleta.class
com\access\controller\PapeletaController.class
com\access\config\KafkaProducerConfig.class
com\access\listener\ProduccionListener.class
com\access\service\BitacoraService.class
com\access\dto\produccion\ReiniciarTiempoDTO.class
com\access\service\MateriaService.class
com\access\listener\MateriaListener.class
com\access\listener\ProductoListener.class
com\access\dto\produccion\PausarTiempoDTO.class
com\access\listener\BaseKafkaListener.class
com\access\listener\PapeletaListener.class
com\access\model\Producto_X_Color.class
com\access\model\Proveedor.class
com\access\dto\colores\CreateColorDTO.class
com\access\dto\inventario\EntradasPaginationDTO.class
com\access\dto\inventario\MovimientosDTO.class
com\access\dto\materia\UpdateMateriaDTO.class
com\access\dto\inventario\DetalleMovMateriaDTO.class
com\access\ProyectoAccess1Application.class
com\access\service\PapeletaService.class
com\access\model\Imagen.class
com\access\model\Materia.class
com\access\dto\inventario\MovimientoProductoPagiDTO.class
com\access\dto\papeleta\PapeletaPaginationDTO.class
com\access\config\CloudinaryConfig.class
com\access\service\DetallePapeletaService.class
com\access\dto\inventario\MovimientoMateriaPagiDto.class
com\access\service\Prod_x_ColorService.class
com\access\service\cloudinary\CloudinaryService.class
com\access\dto\colores\ColoresPaginationDTO.class
com\access\model\Colores.class
com\access\dto\inventario\DetalleMovProductoDTO.class
com\access\dto\inventario\MovimientoMateriaDTO.class
com\access\dto\producto\ProductoPaginationDTO.class
