C:\Users\Tadeo\git\MicroServicioBarsa-Spring\proyecto-access-1\src\main\java\com\access\config\JdbcConfig.java
C:\Users\Tadeo\git\MicroServicioBarsa-Spring\proyecto-access-1\src\main\java\com\access\config\KafkaProducerConfig.java
C:\Users\Tadeo\git\MicroServicioBarsa-Spring\proyecto-access-1\src\main\java\com\access\controller\MateriaController.java
C:\Users\Tadeo\git\MicroServicioBarsa-Spring\proyecto-access-1\src\main\java\com\access\controller\PapeletaController.java
C:\Users\Tadeo\git\MicroServicioBarsa-Spring\proyecto-access-1\src\main\java\com\access\model\Materia.java
C:\Users\Tadeo\git\MicroServicioBarsa-Spring\proyecto-access-1\src\main\java\com\access\model\Papeleta.java
C:\Users\Tadeo\git\MicroServicioBarsa-Spring\proyecto-access-1\src\main\java\com\access\ProyectoAccess1Application.java
C:\Users\Tadeo\git\MicroServicioBarsa-Spring\proyecto-access-1\src\main\java\com\access\service\KafkaConsumer.java
C:\Users\Tadeo\git\MicroServicioBarsa-Spring\proyecto-access-1\src\main\java\com\access\service\MateriaPaginationDTO.java
C:\Users\Tadeo\git\MicroServicioBarsa-Spring\proyecto-access-1\src\main\java\com\access\service\MateriaService.java
C:\Users\Tadeo\git\MicroServicioBarsa-Spring\proyecto-access-1\src\main\java\com\access\service\PapeletaService.java
