C:\Users\Tadeo\git\MicroServicioBarsa-Spring\proyecto-access-1\src\main\java\com\access\config\CloudinaryConfig.java
C:\Users\Tadeo\git\MicroServicioBarsa-Spring\proyecto-access-1\src\main\java\com\access\config\DataBaseWarmUp.java
C:\Users\Tadeo\git\MicroServicioBarsa-Spring\proyecto-access-1\src\main\java\com\access\config\JdbcConfig.java
C:\Users\Tadeo\git\MicroServicioBarsa-Spring\proyecto-access-1\src\main\java\com\access\config\KafkaConsumerConfig.java
C:\Users\Tadeo\git\MicroServicioBarsa-Spring\proyecto-access-1\src\main\java\com\access\config\KafkaProducerConfig.java
C:\Users\Tadeo\git\MicroServicioBarsa-Spring\proyecto-access-1\src\main\java\com\access\controller\MateriaController.java
C:\Users\Tadeo\git\MicroServicioBarsa-Spring\proyecto-access-1\src\main\java\com\access\controller\PapeletaController.java
C:\Users\Tadeo\git\MicroServicioBarsa-Spring\proyecto-access-1\src\main\java\com\access\dto\colores\ColoresPaginationDTO.java
C:\Users\Tadeo\git\MicroServicioBarsa-Spring\proyecto-access-1\src\main\java\com\access\dto\colores\CreateColorDTO.java
C:\Users\Tadeo\git\MicroServicioBarsa-Spring\proyecto-access-1\src\main\java\com\access\dto\ImagenDTO.java
C:\Users\Tadeo\git\MicroServicioBarsa-Spring\proyecto-access-1\src\main\java\com\access\dto\inventario\DetalleMovMateriaDTO.java
C:\Users\Tadeo\git\MicroServicioBarsa-Spring\proyecto-access-1\src\main\java\com\access\dto\inventario\DetalleMovProductoDTO.java
C:\Users\Tadeo\git\MicroServicioBarsa-Spring\proyecto-access-1\src\main\java\com\access\dto\inventario\EntradasPaginationDTO.java
C:\Users\Tadeo\git\MicroServicioBarsa-Spring\proyecto-access-1\src\main\java\com\access\dto\inventario\MovimientoMateriaDTO.java
C:\Users\Tadeo\git\MicroServicioBarsa-Spring\proyecto-access-1\src\main\java\com\access\dto\inventario\MovimientoMateriaPagiDto.java
C:\Users\Tadeo\git\MicroServicioBarsa-Spring\proyecto-access-1\src\main\java\com\access\dto\inventario\MovimientoProductoPagiDTO.java
C:\Users\Tadeo\git\MicroServicioBarsa-Spring\proyecto-access-1\src\main\java\com\access\dto\inventario\MovimientosDTO.java
C:\Users\Tadeo\git\MicroServicioBarsa-Spring\proyecto-access-1\src\main\java\com\access\dto\inventario\SalidaPaginationDTO.java
C:\Users\Tadeo\git\MicroServicioBarsa-Spring\proyecto-access-1\src\main\java\com\access\dto\materia\CreateMateriaDTO.java
C:\Users\Tadeo\git\MicroServicioBarsa-Spring\proyecto-access-1\src\main\java\com\access\dto\materia\MateriaPaginationDTO.java
C:\Users\Tadeo\git\MicroServicioBarsa-Spring\proyecto-access-1\src\main\java\com\access\dto\materia\UpdateMateriaDTO.java
C:\Users\Tadeo\git\MicroServicioBarsa-Spring\proyecto-access-1\src\main\java\com\access\dto\PaginationResult.java
C:\Users\Tadeo\git\MicroServicioBarsa-Spring\proyecto-access-1\src\main\java\com\access\dto\papeleta\DetallePapeletaDTO.java
C:\Users\Tadeo\git\MicroServicioBarsa-Spring\proyecto-access-1\src\main\java\com\access\dto\papeleta\PapeletaPaginationDTO.java
C:\Users\Tadeo\git\MicroServicioBarsa-Spring\proyecto-access-1\src\main\java\com\access\dto\produccion\DesactivarDetencionDTO.java
C:\Users\Tadeo\git\MicroServicioBarsa-Spring\proyecto-access-1\src\main\java\com\access\dto\produccion\DetencionDTO.java
C:\Users\Tadeo\git\MicroServicioBarsa-Spring\proyecto-access-1\src\main\java\com\access\dto\produccion\FinalizarTiempoDTO.java
C:\Users\Tadeo\git\MicroServicioBarsa-Spring\proyecto-access-1\src\main\java\com\access\dto\produccion\IniciarTiempoDTO.java
C:\Users\Tadeo\git\MicroServicioBarsa-Spring\proyecto-access-1\src\main\java\com\access\dto\produccion\PausarTiempoDTO.java
C:\Users\Tadeo\git\MicroServicioBarsa-Spring\proyecto-access-1\src\main\java\com\access\dto\produccion\ReiniciarTiempoDTO.java
C:\Users\Tadeo\git\MicroServicioBarsa-Spring\proyecto-access-1\src\main\java\com\access\dto\produccion\TiempoDTO.java
C:\Users\Tadeo\git\MicroServicioBarsa-Spring\proyecto-access-1\src\main\java\com\access\dto\producto\ProductoPaginationDTO.java
C:\Users\Tadeo\git\MicroServicioBarsa-Spring\proyecto-access-1\src\main\java\com\access\dto\producto\ProductoxColorPaginationDTO.java
C:\Users\Tadeo\git\MicroServicioBarsa-Spring\proyecto-access-1\src\main\java\com\access\listener\BaseKafkaListener.java
C:\Users\Tadeo\git\MicroServicioBarsa-Spring\proyecto-access-1\src\main\java\com\access\listener\ColoresListener.java
C:\Users\Tadeo\git\MicroServicioBarsa-Spring\proyecto-access-1\src\main\java\com\access\listener\InventarioListener.java
C:\Users\Tadeo\git\MicroServicioBarsa-Spring\proyecto-access-1\src\main\java\com\access\listener\MateriaListener.java
C:\Users\Tadeo\git\MicroServicioBarsa-Spring\proyecto-access-1\src\main\java\com\access\listener\PapeletaListener.java
C:\Users\Tadeo\git\MicroServicioBarsa-Spring\proyecto-access-1\src\main\java\com\access\listener\Prod_X_ColorListener.java
C:\Users\Tadeo\git\MicroServicioBarsa-Spring\proyecto-access-1\src\main\java\com\access\listener\ProduccionListener.java
C:\Users\Tadeo\git\MicroServicioBarsa-Spring\proyecto-access-1\src\main\java\com\access\listener\ProductoListener.java
C:\Users\Tadeo\git\MicroServicioBarsa-Spring\proyecto-access-1\src\main\java\com\access\model\Colores.java
C:\Users\Tadeo\git\MicroServicioBarsa-Spring\proyecto-access-1\src\main\java\com\access\model\Detalle_Movimiento.java
C:\Users\Tadeo\git\MicroServicioBarsa-Spring\proyecto-access-1\src\main\java\com\access\model\DetalleMovimientoMateria.java
C:\Users\Tadeo\git\MicroServicioBarsa-Spring\proyecto-access-1\src\main\java\com\access\model\DetallePapeleta.java
C:\Users\Tadeo\git\MicroServicioBarsa-Spring\proyecto-access-1\src\main\java\com\access\model\Detencion.java
C:\Users\Tadeo\git\MicroServicioBarsa-Spring\proyecto-access-1\src\main\java\com\access\model\Imagen.java
C:\Users\Tadeo\git\MicroServicioBarsa-Spring\proyecto-access-1\src\main\java\com\access\model\ImagenMateria.java
C:\Users\Tadeo\git\MicroServicioBarsa-Spring\proyecto-access-1\src\main\java\com\access\model\Materia.java
C:\Users\Tadeo\git\MicroServicioBarsa-Spring\proyecto-access-1\src\main\java\com\access\model\MovimientoInventario.java
C:\Users\Tadeo\git\MicroServicioBarsa-Spring\proyecto-access-1\src\main\java\com\access\model\MovimientoMateria.java
C:\Users\Tadeo\git\MicroServicioBarsa-Spring\proyecto-access-1\src\main\java\com\access\model\Movimientos.java
C:\Users\Tadeo\git\MicroServicioBarsa-Spring\proyecto-access-1\src\main\java\com\access\model\Papeleta.java
C:\Users\Tadeo\git\MicroServicioBarsa-Spring\proyecto-access-1\src\main\java\com\access\model\Proceso.java
C:\Users\Tadeo\git\MicroServicioBarsa-Spring\proyecto-access-1\src\main\java\com\access\model\Producto.java
C:\Users\Tadeo\git\MicroServicioBarsa-Spring\proyecto-access-1\src\main\java\com\access\model\Producto_X_Color.java
C:\Users\Tadeo\git\MicroServicioBarsa-Spring\proyecto-access-1\src\main\java\com\access\model\Proveedor.java
C:\Users\Tadeo\git\MicroServicioBarsa-Spring\proyecto-access-1\src\main\java\com\access\model\Tiempo.java
C:\Users\Tadeo\git\MicroServicioBarsa-Spring\proyecto-access-1\src\main\java\com\access\ProyectoAccess1Application.java
C:\Users\Tadeo\git\MicroServicioBarsa-Spring\proyecto-access-1\src\main\java\com\access\service\cloudinary\CloudinaryService.java
C:\Users\Tadeo\git\MicroServicioBarsa-Spring\proyecto-access-1\src\main\java\com\access\service\ColoresService.java
C:\Users\Tadeo\git\MicroServicioBarsa-Spring\proyecto-access-1\src\main\java\com\access\service\DetallePapeletaService.java
C:\Users\Tadeo\git\MicroServicioBarsa-Spring\proyecto-access-1\src\main\java\com\access\service\InventarioService.java
C:\Users\Tadeo\git\MicroServicioBarsa-Spring\proyecto-access-1\src\main\java\com\access\service\MateriaService.java
C:\Users\Tadeo\git\MicroServicioBarsa-Spring\proyecto-access-1\src\main\java\com\access\service\PapeletaService.java
C:\Users\Tadeo\git\MicroServicioBarsa-Spring\proyecto-access-1\src\main\java\com\access\service\Prod_x_ColorService.java
C:\Users\Tadeo\git\MicroServicioBarsa-Spring\proyecto-access-1\src\main\java\com\access\service\ProduccionService.java
C:\Users\Tadeo\git\MicroServicioBarsa-Spring\proyecto-access-1\src\main\java\com\access\service\ProductoService.java
C:\Users\Tadeo\git\MicroServicioBarsa-Spring\proyecto-access-1\src\main\java\com\access\service\ProveedorService.java
