C:\Users\Tadeo\git\MicroServicioBarsa-Spring\proyecto-access-1\src\main\java\com\access\config\DataBaseWarmUp.java
C:\Users\Tadeo\git\MicroServicioBarsa-Spring\proyecto-access-1\src\main\java\com\access\config\JdbcConfig.java
C:\Users\Tadeo\git\MicroServicioBarsa-Spring\proyecto-access-1\src\main\java\com\access\config\KafkaProducerConfig.java
C:\Users\Tadeo\git\MicroServicioBarsa-Spring\proyecto-access-1\src\main\java\com\access\controller\MateriaController.java
C:\Users\Tadeo\git\MicroServicioBarsa-Spring\proyecto-access-1\src\main\java\com\access\controller\PapeletaController.java
C:\Users\Tadeo\git\MicroServicioBarsa-Spring\proyecto-access-1\src\main\java\com\access\dto\colores\ColoresPaginationDTO.java
C:\Users\Tadeo\git\MicroServicioBarsa-Spring\proyecto-access-1\src\main\java\com\access\dto\materia\MateriaPaginationDTO.java
C:\Users\Tadeo\git\MicroServicioBarsa-Spring\proyecto-access-1\src\main\java\com\access\dto\PaginationResult.java
C:\Users\Tadeo\git\MicroServicioBarsa-Spring\proyecto-access-1\src\main\java\com\access\dto\papeleta\DetallePapeletaDTO.java
C:\Users\Tadeo\git\MicroServicioBarsa-Spring\proyecto-access-1\src\main\java\com\access\dto\papeleta\PapeletaPaginationDTO.java
C:\Users\Tadeo\git\MicroServicioBarsa-Spring\proyecto-access-1\src\main\java\com\access\dto\producto\ProductoPaginationDTO.java
C:\Users\Tadeo\git\MicroServicioBarsa-Spring\proyecto-access-1\src\main\java\com\access\dto\producto\ProductoxColorPaginationDTO.java
C:\Users\Tadeo\git\MicroServicioBarsa-Spring\proyecto-access-1\src\main\java\com\access\listener\ColoresListener.java
C:\Users\Tadeo\git\MicroServicioBarsa-Spring\proyecto-access-1\src\main\java\com\access\listener\MateriaListener.java
C:\Users\Tadeo\git\MicroServicioBarsa-Spring\proyecto-access-1\src\main\java\com\access\listener\PapeletaListener.java
C:\Users\Tadeo\git\MicroServicioBarsa-Spring\proyecto-access-1\src\main\java\com\access\listener\Prod_X_ColorListener.java
C:\Users\Tadeo\git\MicroServicioBarsa-Spring\proyecto-access-1\src\main\java\com\access\listener\ProductoListener.java
C:\Users\Tadeo\git\MicroServicioBarsa-Spring\proyecto-access-1\src\main\java\com\access\model\Colores.java
C:\Users\Tadeo\git\MicroServicioBarsa-Spring\proyecto-access-1\src\main\java\com\access\model\DetallePapeleta.java
C:\Users\Tadeo\git\MicroServicioBarsa-Spring\proyecto-access-1\src\main\java\com\access\model\Materia.java
C:\Users\Tadeo\git\MicroServicioBarsa-Spring\proyecto-access-1\src\main\java\com\access\model\Papeleta.java
C:\Users\Tadeo\git\MicroServicioBarsa-Spring\proyecto-access-1\src\main\java\com\access\model\Producto.java
C:\Users\Tadeo\git\MicroServicioBarsa-Spring\proyecto-access-1\src\main\java\com\access\model\Producto_X_Color.java
C:\Users\Tadeo\git\MicroServicioBarsa-Spring\proyecto-access-1\src\main\java\com\access\ProyectoAccess1Application.java
C:\Users\Tadeo\git\MicroServicioBarsa-Spring\proyecto-access-1\src\main\java\com\access\service\ColoresService.java
C:\Users\Tadeo\git\MicroServicioBarsa-Spring\proyecto-access-1\src\main\java\com\access\service\DetallePapeletaService.java
C:\Users\Tadeo\git\MicroServicioBarsa-Spring\proyecto-access-1\src\main\java\com\access\service\MateriaService.java
C:\Users\Tadeo\git\MicroServicioBarsa-Spring\proyecto-access-1\src\main\java\com\access\service\PapeletaService.java
C:\Users\Tadeo\git\MicroServicioBarsa-Spring\proyecto-access-1\src\main\java\com\access\service\Prod_x_ColorService.java
C:\Users\Tadeo\git\MicroServicioBarsa-Spring\proyecto-access-1\src\main\java\com\access\service\ProductoService.java
